// Jest Snapshot v1, https://goo.gl/fbAQLP

exports[`testing app.js snapshot tests the main application 1`] = `
<BrowserRouter>
  <div
    className="App"
  >
    <Menu
      mode="horizontal"
      theme="dark"
    >
      <MenuItem>
        <ForwardRef
          to="/"
        >
          <Button
            block={false}
            ghost={true}
            htmlType="button"
            loading={false}
          >
             Home 
          </Button>
        </ForwardRef>
      </MenuItem>
      <MenuItem>
        <ForwardRef
          to="/pathfinding"
        >
          <Button
            block={false}
            ghost={true}
            htmlType="button"
            loading={false}
          >
             Pathfinding 
          </Button>
        </ForwardRef>
      </MenuItem>
      <MenuItem>
        <ForwardRef
          to="/data-structures"
        >
          <Button
            block={false}
            ghost={true}
            htmlType="button"
            loading={false}
          >
             Data Structures 
          </Button>
        </ForwardRef>
      </MenuItem>
      <MenuItem>
        <ForwardRef
          to="/sorting"
        >
          <Button
            block={false}
            ghost={true}
            htmlType="button"
            loading={false}
          >
             Sorting 
          </Button>
        </ForwardRef>
      </MenuItem>
      <MenuItem>
        <ForwardRef
          to="/trees"
        >
          <Button
            block={false}
            ghost={true}
            htmlType="button"
            loading={false}
          >
             Trees 
          </Button>
        </ForwardRef>
      </MenuItem>
    </Menu>
    <Switch>
      <Route
        exact={true}
        path="/"
      >
        <h1>
           Hello 
        </h1>
      </Route>
      <Route
        path="/pathfinding"
      >
        <Pathfinding />
      </Route>
      <Route
        path="/data-structures"
      >
        <Pathfinding />
      </Route>
      <Route
        path="/sorting"
      >
        <Sorting />
      </Route>
      <Route
        path="/trees"
      >
        <h1>
           trees 
        </h1>
      </Route>
    </Switch>
  </div>
</BrowserRouter>
`;
